
❌ Error Notification - 2025-11-04 08:07:41
============================================================

Error Type: automation_error
Message: Integration failed: Command '['python3', '../../z.repo_support/scripts/integrate_repositories.py', '--new-repos', '../../z.repo_support/scripts/filtered_new_repos_20251104_080725.csv', '--base-path', '../..', '--update-collection']' returned non-zero exit status 1.
Context: {
  "timestamp": "2025-11-04T08:07:25.647417",
  "success": false,
  "steps": {
    "discovery": {
      "success": true,
      "file": "../../z.repo_support/scripts/discovered_repos_20251104_080725.csv",
      "count": 28,
      "output": "Searching for batch script repositories with at least 25 stars...\n\nSearching with query: batch script stars:>=25 language:Batchfile\nFound: ShadowWhisperer/Remove-MS-Edge (4491 stars)\nFound: npocmaka/batch.scripts (1119 stars)\nFound: diogo-fernan/ir-rescue (487 stars)\nFound: davidmarble/virtualenvwrapper-win (459 stars)\nFound: vogeljo/reset-vassistx (332 stars)\nFound: warengonzaga/wifi-passview (321 stars)\nFound: ph33nx/WinMasterBlocker (266 stars)\nFound: FoxP/PNG-to-ICO (244 stars)\nFound: ManuelGil/Script-Reset-Windows-Update-Tool (198 stars)\nFound: prestonsn/windows-10-activation-script (185 stars)\nSearching with query: windows batch stars:>=25\nFound: peass-ng/PEASS-ng (18642 stars)\nFound: batsh-dev-team/Batsh (4333 stars)\nFound: ayoisaiah/f2 (2303 stars)\nFound: YILS-LIN/short-video-factory (2251 stars)\nFound: tsgrgo/windows-update-disabler (1816 stars)\nFound: m-ab-s/media-autobuild_suite (1705 stars)\nFound: abbodi1406/BatUtil (1275 stars)\nFound: ios12checker/Windows-Maintenance-Tool (954 stars)\nFound: boxcutter/windows (761 stars)\nSearching with query: .bat OR .cmd stars:>=25 language:Batchfile\nFound: AveYo/MediaCreationTool.bat (9943 stars)\nFound: illsk1lls/ZipRipper (595 stars)\nFound: slorelee/wimbuilder2 (539 stars)\nFound: TheBATeam/Batch-WI-FI-Brute-Forcer (349 stars)\nFound: Kreijstal/BatchProjects (280 stars)\nFound: islamadel/bat2exe (278 stars)\nFound: ancel1x/Ancels-Performance-Batch (240 stars)\nFound: GDX-X/PFS-BatchKit-Manager (225 stars)\nFound: auspbro/batch-snippets (179 stars)\n\nSaved 28 repositories to discovered_repos_20251104_080725.csv\n\nFound 28 highly-rated batch script repositories!\n\nTop 5 repositories by stars:\n1. peass-ng/PEASS-ng - 18642 stars\n2. AveYo/MediaCreationTool.bat - 9943 stars\n3. ShadowWhisperer/Remove-MS-Edge - 4491 stars\n4. batsh-dev-team/Batsh - 4333 stars\n5. ayoisaiah/f2 - 2303 stars\n"
    },
    "processing": {
      "success": true,
      "file": "../../z.repo_support/scripts/filtered_new_repos_20251104_080725.csv",
      "count": 19,
      "output": "Processing 28 new repositories against 153 existing ones...\nFound 9 duplicates\nAfter removing duplicates: 19 repositories\nAfter quality filtering: 19 repositories\n\nSaved 19 filtered repositories to ../../z.repo_support/scripts/filtered_new_repos_20251104_080725.csv\n\nRepository Discovery Processing Report\n============================================================\n\nDiscovery Summary:\n-----------------\nTotal Repositories Discovered: 28\nDuplicates Removed: 9\nUnique Repositories: 19\nQuality Filtered (Final): 19\n\nCategory Distribution:\n---------------------\nDevelopment & Scripting Tools: 9\nFile & Disk Utilities: 1\nNetwork & Internet Tools: 3\nSecurity & Privacy Tools: 1\nSystem Information & Diagnostics: 1\nUncategorized: 4\n\nTop New Repositories:\n------------------------------\n 1. peass-ng/PEASS-ng (18,642 \u2b50, Quality: 0.62)\n    Category: Development & Scripting Tools\n    PEASS - Privilege Escalation Awesome Scripts SUITE (with col...\n\n 2. ShadowWhisperer/Remove-MS-Edge (4,491 \u2b50, Quality: 0.84)\n    Category: Development & Scripting Tools\n    Uninstall Microsoft Edge with an executable or batch script....\n\n 3. batsh-dev-team/Batsh (4,333 \u2b50, Quality: 0.64)\n    Category: Development & Scripting Tools\n    A language that compiles to Bash and Windows Batch...\n\n 4. ayoisaiah/f2 (2,303 \u2b50, Quality: 0.64)\n    Category: File & Disk Utilities\n    F2 is a cross-platform command-line tool for batch renaming ...\n\n 5. YILS-LIN/short-video-factory (2,251 \u2b50, Quality: 0.64)\n    Category: Network & Internet Tools\n    \u4e00\u952e\u751f\u6210\u4ea7\u54c1\u8425\u9500\u4e0e\u6cdb\u5185\u5bb9\u77ed\u89c6\u9891\uff0cAI\u6279\u91cf\u81ea\u52a8\u526a\u8f91\uff0c\u9ad8\u989c\u503c\u8de8\u5e73\u53f0\u684c\u9762\u7aef\u5de5\u5177 One click generation of...\n\n 6. tsgrgo/windows-update-disabler (1,816 \u2b50, Quality: 0.86)\n    Category: Uncategorized\n    Disable/Enable Windows update with a lightweight batch tool....\n\n 7. m-ab-s/media-autobuild_suite (1,705 \u2b50, Quality: 0.68)\n    Category: Development & Scripting Tools\n    This Windows Batchscript helps setup a Mingw-w64 compiler en...\n\n 8. abbodi1406/BatUtil (1,275 \u2b50, Quality: 0.66)\n    Category: Development & Scripting Tools\n    Collection of batch scripts utilities for Windows...\n\n 9. ios12checker/Windows-Maintenance-Tool (954 \u2b50, Quality: 0.68)\n    Category: System Information & Diagnostics\n    A powerful, all-in-one Windows maintenance toolkit built ent...\n\n10. boxcutter/windows (761 \u2b50, Quality: 0.54)\n    Category: Development & Scripting Tools\n    Virtual machine templates for Windows written in legacy JSON...\n\n\nReport saved to ../../z.repo_support/scripts/filtered_new_repos_20251104_080725_report.txt\n"
    },
    "integration": {
      "success": false,
      "error": "Command '['python3', '../../z.repo_support/scripts/integrate_repositories.py', '--new-repos', '../../z.repo_support/scripts/filtered_new_repos_20251104_080725.csv', '--base-path', '../..', '--update-collection']' returned non-zero exit status 1.",
      "stderr": "Traceback (most recent call last):\n  File \"/workspaces/TheBatchCompendium/z.repo_support/scripts/../../z.repo_support/scripts/integrate_repositories.py\", line 384, in <module>\n    main()\n  File \"/workspaces/TheBatchCompendium/z.repo_support/scripts/../../z.repo_support/scripts/integrate_repositories.py\", line 373, in main\n    result = integrator.integrate(args.new_repos, args.update_collection)\n             ^^^^^^^^^^^^^^^^^^^^^^^^^^^^^^^^^^^^^^^^^^^^^^^^^^^^^^^^^^^^\n  File \"/workspaces/TheBatchCompendium/z.repo_support/scripts/../../z.repo_support/scripts/integrate_repositories.py\", line 304, in integrate\n    self.update_main_collection(all_repos)\n  File \"/workspaces/TheBatchCompendium/z.repo_support/scripts/../../z.repo_support/scripts/integrate_repositories.py\", line 209, in update_main_collection\n    self.save_csv(all_repos, str(self.main_csv))\n  File \"/workspaces/TheBatchCompendium/z.repo_support/scripts/../../z.repo_support/scripts/integrate_repositories.py\", line 64, in save_csv\n    fieldnames = sorted(fieldnames)\n                 ^^^^^^^^^^^^^^^^^^\nTypeError: '<' not supported between instances of 'str' and 'NoneType'\n"
    }
  },
  "error": "Integration failed: Command '['python3', '../../z.repo_support/scripts/integrate_repositories.py', '--new-repos', '../../z.repo_support/scripts/filtered_new_repos_20251104_080725.csv', '--base-path', '../..', '--update-collection']' returned non-zero exit status 1."
}

